// Jest Snapshot v1, https://goo.gl/fbAQLP

exports[`App Elements 1`] = `
<input
  placeholder="some text..."
  type="text"
  value=""
/>
`;
